node.exe : Loaded 
Prisma config from 
prisma.config.ts.
At line:1 char:1
+ & "C:\Program File
s\nodejs/node.exe" 
"C:\Program Files\no
dejs/node_mo ...
+ ~~~~~~~~~~~~~~~~~~
~~~~~~~~~~~~~~~~~~~~
~~~~~~~~~~~~~~~~~~~~
~~~~~~~~~~~
    + CategoryInfo  
            : NotS  
  pecified: (Load   
 ed Prisma c...i    
sma.config.ts.:    
String) [], Rem    
oteException
    + FullyQualifie 
   dErrorId : Nati  
  veCommandError
 

Prisma schema 
loaded from prisma\s
chema.prisma.
Error: Prisma 
schema validation - 
(get-config wasm)
Error code: P1012
error: The 
datasource property 
`url` is no longer 
supported in schema 
files. Move 
connection URLs for 
Migrate to 
`prisma.config.ts` 
and pass either 
`adapter` for a 
direct database 
connection or 
`accelerateUrl` for 
Accelerate to the 
`PrismaClient` 
constructor. See htt
ps://pris.ly/d/confi
g-datasource and htt
ps://pris.ly/d/prism
a7-client-config
  -->  prisma\schema
.prisma:7
   | 
 6 |   provider = 
"postgresql"
 7 |   url      = "p
ostgresql://appuser2
:app123@localhost:54
32/eduportal?schema=
public"
   | 

Validation Error 
Count: 1
[Context: getConfig]

Prisma CLI Version 
: 7.5.0
